06-04 19:46:41.431  1145  3297 E BufferQueueDebug: [SurfaceView[com.aiyoku.eustia/com.aiyoku.eustia.MainActivity]#202854](this:0xb400007978bf0a50,id:-1,api:0,p:-1,c:-1) id info cannot be read from 'SurfaceView[com.aiyoku.eustia/com.aiyoku.eustia.MainActivity]#202854'
06-04 19:46:41.431  1145  3297 I BufferQueueDebug: [SurfaceView[com.aiyoku.eustia/com.aiyoku.eustia.MainActivity]#202854](this:0xb400007978bf0a50,id:-1,api:0,p:-1,c:-1) BufferQueue core=(1145:/system/bin/surfaceflinger)
06-04 19:46:41.431  1145  2301 D SurfaceFlinger: updateWinowInfo=1, setFocusedWindow timestamp=598463075934362, windowName=f34bb72 com.aiyoku.eustia/com.aiyoku.eustia.MainActivity
06-04 19:46:41.431  1145  3297 E BufferQueueDebug: [SurfaceView[com.aiyoku.eustia/com.aiyoku.eustia.MainActivity](BLAST)#202855](this:0xb400007978bfba50,id:-1,api:0,p:-1,c:-1) id info cannot be read from 'SurfaceView[com.aiyoku.eustia/com.aiyoku.eustia.MainActivity](BLAST)#202855'
06-04 19:46:41.431  1145  3297 I BufferQueueDebug: [SurfaceView[com.aiyoku.eustia/com.aiyoku.eustia.MainActivity](BLAST)#202855](this:0xb400007978bfba50,id:-1,api:0,p:-1,c:-1) BufferQueue core=(1145:/system/bin/surfaceflinger)
06-04 19:46:41.432  1145  1314 E BufferQueueDebug: [Background for SurfaceView[com.aiyoku.eustia/com.aiyoku.eustia.MainActivity]#202856](this:0xb400007978d31a50,id:-1,api:0,p:-1,c:-1) id info cannot be read from 'Background for SurfaceView[com.aiyoku.eustia/com.aiyoku.eustia.MainActivity]#202856'
06-04 19:46:41.432  1145  1314 I BufferQueueDebug: [Background for SurfaceView[com.aiyoku.eustia/com.aiyoku.eustia.MainActivity]#202856](this:0xb400007978d31a50,id:-1,api:0,p:-1,c:-1) BufferQueue core=(1145:/system/bin/surfaceflinger)
06-04 19:46:42.320  4884 31775 D MIUIScout App: reportAppScoutEvent: AppScoutEvent { mType=APP_SCOUT_SLOW mTimeStamp=1780573602319 Pid=25197 Uid=10280 processName=com.aiyoku.eustia PackageName=com.aiyoku.eustia mTargetActivity= CurrentMsg:{ (Current message: duration=911ms seq=10 late=7ms h=android.view.Choreographer$FrameHandler c=android.view.Choreographer$FrameDisplayEventReceiver)} mInputLatency=0 mProcessType= mIsReportAppLaunch=false mIsMainProcess=false}
06-04 19:46:44.823 25197 31732 D AppScoutStateMachine: dump trace dirName = 2026-06-04-19-46-44-25197-APP_SCOUT_WARNING-com.aiyoku.eustia
06-04 19:46:44.825  4884 31779 D MIUIScout App: reportAppScoutEvent: AppScoutEvent { mType=APP_SCOUT_WARNING mTimeStamp=1780573604822 Pid=25197 Uid=10280 processName=com.aiyoku.eustia PackageName=com.aiyoku.eustia mTargetActivity= CurrentMsg:{ (Current message: duration=3415ms seq=10 late=7ms h=android.view.Choreographer$FrameHandler c=android.view.Choreographer$FrameDisplayEventReceiver)} mInputLatency=0 mProcessType= mIsReportAppLaunch=false mIsMainProcess=false}
06-04 19:46:44.842  4884 31780 W ScoutManager: 259 {"pid":25197,"pidlist":"null","path":"\/data\/miuilog\/stability\/scout\/app\/2026-06-04-19-46-44-com.aiyoku.eustia-25197-APP_SCOUT_WARNING","timestamp":"2026-06-04-19-46-44","fileNamePerfix":"com.aiyoku.eustia-25197-APP_SCOUT_WARNING-","isSystemBlock":false}
06-04 19:46:44.848  1707 31781 I ActivityManager: Dumping to /data/miuilog/stability/scout/app/2026-06-04-19-46-44-com.aiyoku.eustia-25197-APP_SCOUT_WARNING/com.aiyoku.eustia-25197-APP_SCOUT_WARNING-2026-06-04-19-46-44-self-trace
06-04 19:46:47.294  1707  1865 I PowerHalWrapper: amsBoostNotify pid:2617,activity:com.miui.home.launcher.Launcher, package:com.miui.home, mProcessCreatePackcom.aiyoku.eustia 
06-04 19:46:47.296  1048  1048 I MTK_APPList: [notifyAPPstate] multi_resumed_app_info[0] com.aiyoku.eustia/com.aiyoku.eustia.MainActivity, pid:25197, fps:-1, isMultiWindow:0
06-04 19:46:47.324 25197 31732 D AppScoutStateMachine: dump trace dirName = 2026-06-04-19-46-47-25197-APP_SCOUT_HANG-com.aiyoku.eustia
06-04 19:46:47.327  4884 31790 D MIUIScout App: reportAppScoutEvent: AppScoutEvent { mType=APP_SCOUT_HANG mTimeStamp=1780573607324 Pid=25197 Uid=10280 processName=com.aiyoku.eustia PackageName=com.aiyoku.eustia mTargetActivity= CurrentMsg:{ (Current message: duration=5916ms seq=10 late=7ms h=android.view.Choreographer$FrameHandler c=android.view.Choreographer$FrameDisplayEventReceiver)} mInputLatency=0 mProcessType= mIsReportAppLaunch=false mIsMainProcess=false}
06-04 19:46:47.335  4884 31791 W ScoutManager: 253 {"pid":25197,"pidlist":"null","path":"\/data\/miuilog\/stability\/scout\/app\/2026-06-04-19-46-47-com.aiyoku.eustia-25197-APP_SCOUT_HANG","timestamp":"2026-06-04-19-46-47","fileNamePerfix":"com.aiyoku.eustia-25197-APP_SCOUT_HANG-","isSystemBlock":false}
06-04 19:46:47.342  1707 31792 I ActivityManager: Dumping to /data/miuilog/stability/scout/app/2026-06-04-19-46-47-com.aiyoku.eustia-25197-APP_SCOUT_HANG/com.aiyoku.eustia-25197-APP_SCOUT_HANG-2026-06-04-19-46-47-self-trace
06-04 19:46:47.404 25197 25197 W FinalizerDaemon: type=1400 audit(0.0:1453252): avc:  denied  { getopt } for  path="/dev/socket/usap_pool_primary" scontext=u:r:untrusted_app:s0:c24,c257,c512,c768 tcontext=u:r:zygote:s0 tclass=unix_stream_socket permissive=0 app=com.aiyoku.eustia
06-04 19:46:55.226 25197 31741 D vulkan  : searching for layers in '/data/app/~~Xrs6XBaopb7hKu6E-1Yy7Q==/com.aiyoku.eustia-qdasLJfkhvC0RaCx60Wzhw==/lib/arm64'
06-04 19:46:55.226 25197 31741 D vulkan  : searching for layers in '/data/app/~~Xrs6XBaopb7hKu6E-1Yy7Q==/com.aiyoku.eustia-qdasLJfkhvC0RaCx60Wzhw==/base.apk!/lib/arm64-v8a'
06-04 19:46:55.372  1132  8780 I AudioFlinger_Threads: create audiotrack for com.aiyoku.eustia  uid 10280
06-04 19:46:55.374  1132  8780 I AudioFlinger_Threads: create audiotrack for com.aiyoku.eustia  uid 10280
06-04 19:46:55.374  1132  8780 I AF::Track: isInFastModeApp curPkgName com.aiyoku.eustia  uid 10280
06-04 19:46:55.374  1132  8780 I AF::Track: isInWhiteList curPkgName com.aiyoku.eustia  uid 10280 isSupportCloudCtrl 1
06-04 19:46:55.402  1132  8780 I APM_AudioPolicyManager: isSpecialScenarioGame ClientName com.aiyoku.eustia
06-04 19:46:55.403  1132  1561 D AudioSystem: +setParameters(): app_name=+com.aiyoku.eustia 
06-04 19:46:55.405  1016 14132 D AudioALSAHardwareCustom: setParameters: [DEBUG] setParameters misound AppName: +com.aiyoku.eustia
06-04 19:46:55.405  1016 14132 D AudioALSAStreamOutCustom: setParameters(): app_name +com.aiyoku.eustia
06-04 19:46:55.405  1016 14132 D AudioALSAStreamOutCustom: setParameters(): app_name +com.aiyoku.eustia
06-04 19:46:55.405  1016 14132 D AudioALSAStreamOutCustom: setParameters(): app_name +com.aiyoku.eustia
06-04 19:46:55.405  1016 14132 D AudioALSAStreamOutCustom: setParameters(): app_name +com.aiyoku.eustia
06-04 19:46:55.405  1016 14132 D AudioALSAStreamOutCustom: setParameters(): app_name +com.aiyoku.eustia
06-04 19:46:55.405  1016 14132 D AudioALSAStreamOutCustom: setParameters(): app_name +com.aiyoku.eustia
06-04 19:46:55.407  1016 14132 D r_submix: adev_set_parameters() kvpairs='app_name=+com.aiyoku.eustia'
06-04 19:46:56.119 31825 31825 F DEBUG   : Cmdline: com.aiyoku.eustia
06-04 19:46:56.119 31825 31825 F DEBUG   : pid: 25197, tid: 31741, name: android_main  >>> com.aiyoku.eustia <<<
06-04 19:46:56.119 31825 31825 F DEBUG   :       #01 pc 0000000004082504  /data/app/~~Xrs6XBaopb7hKu6E-1Yy7Q==/com.aiyoku.eustia-qdasLJfkhvC0RaCx60Wzhw==/lib/arm64/libbevy_vn.so
06-04 19:46:56.119 31825 31825 F DEBUG   :       #02 pc 000000000407ec40  /data/app/~~Xrs6XBaopb7hKu6E-1Yy7Q==/com.aiyoku.eustia-qdasLJfkhvC0RaCx60Wzhw==/lib/arm64/libbevy_vn.so
06-04 19:46:56.119 31825 31825 F DEBUG   :       #03 pc 000000000406f730  /data/app/~~Xrs6XBaopb7hKu6E-1Yy7Q==/com.aiyoku.eustia-qdasLJfkhvC0RaCx60Wzhw==/lib/arm64/libbevy_vn.so
06-04 19:46:56.119 31825 31825 F DEBUG   :       #04 pc 00000000024147c4  /data/app/~~Xrs6XBaopb7hKu6E-1Yy7Q==/com.aiyoku.eustia-qdasLJfkhvC0RaCx60Wzhw==/lib/arm64/libbevy_vn.so
06-04 19:46:56.119 31825 31825 F DEBUG   :       #05 pc 000000000406f694  /data/app/~~Xrs6XBaopb7hKu6E-1Yy7Q==/com.aiyoku.eustia-qdasLJfkhvC0RaCx60Wzhw==/lib/arm64/libbevy_vn.so
06-04 19:46:56.119 31825 31825 F DEBUG   :       #06 pc 000000000407f0e0  /data/app/~~Xrs6XBaopb7hKu6E-1Yy7Q==/com.aiyoku.eustia-qdasLJfkhvC0RaCx60Wzhw==/lib/arm64/libbevy_vn.so
06-04 19:46:56.119 31825 31825 F DEBUG   :       #07 pc 000000000406e9c0  /data/app/~~Xrs6XBaopb7hKu6E-1Yy7Q==/com.aiyoku.eustia-qdasLJfkhvC0RaCx60Wzhw==/lib/arm64/libbevy_vn.so
06-04 19:46:56.119 31825 31825 F DEBUG   :       #08 pc 00000000040650a8  /data/app/~~Xrs6XBaopb7hKu6E-1Yy7Q==/com.aiyoku.eustia-qdasLJfkhvC0RaCx60Wzhw==/lib/arm64/libbevy_vn.so
06-04 19:46:56.119 31825 31825 F DEBUG   :       #09 pc 000000000406f800  /data/app/~~Xrs6XBaopb7hKu6E-1Yy7Q==/com.aiyoku.eustia-qdasLJfkhvC0RaCx60Wzhw==/lib/arm64/libbevy_vn.so
06-04 19:46:56.119 31825 31825 F DEBUG   :       #10 pc 000000000409e4e0  /data/app/~~Xrs6XBaopb7hKu6E-1Yy7Q==/com.aiyoku.eustia-qdasLJfkhvC0RaCx60Wzhw==/lib/arm64/libbevy_vn.so
06-04 19:46:56.119 31825 31825 F DEBUG   :       #11 pc 0000000003f97070  /data/app/~~Xrs6XBaopb7hKu6E-1Yy7Q==/com.aiyoku.eustia-qdasLJfkhvC0RaCx60Wzhw==/lib/arm64/libbevy_vn.so
06-04 19:46:56.119 31825 31825 F DEBUG   :       #12 pc 000000000232c404  /data/app/~~Xrs6XBaopb7hKu6E-1Yy7Q==/com.aiyoku.eustia-qdasLJfkhvC0RaCx60Wzhw==/lib/arm64/libbevy_vn.so
06-04 19:46:56.119 31825 31825 F DEBUG   :       #13 pc 000000000232ca50  /data/app/~~Xrs6XBaopb7hKu6E-1Yy7Q==/com.aiyoku.eustia-qdasLJfkhvC0RaCx60Wzhw==/lib/arm64/libbevy_vn.so
06-04 19:46:56.119 31825 31825 F DEBUG   :       #14 pc 000000000233c284  /data/app/~~Xrs6XBaopb7hKu6E-1Yy7Q==/com.aiyoku.eustia-qdasLJfkhvC0RaCx60Wzhw==/lib/arm64/libbevy_vn.so
06-04 19:46:56.119 31825 31825 F DEBUG   :       #15 pc 0000000003f9a5a4  /data/app/~~Xrs6XBaopb7hKu6E-1Yy7Q==/com.aiyoku.eustia-qdasLJfkhvC0RaCx60Wzhw==/lib/arm64/libbevy_vn.so
06-04 19:46:56.119 31825 31825 F DEBUG   :       #16 pc 0000000003f9fb28  /data/app/~~Xrs6XBaopb7hKu6E-1Yy7Q==/com.aiyoku.eustia-qdasLJfkhvC0RaCx60Wzhw==/lib/arm64/libbevy_vn.so
06-04 19:46:56.119 31825 31825 F DEBUG   :       #17 pc 0000000003fa0ea4  /data/app/~~Xrs6XBaopb7hKu6E-1Yy7Q==/com.aiyoku.eustia-qdasLJfkhvC0RaCx60Wzhw==/lib/arm64/libbevy_vn.so
06-04 19:46:56.119 31825 31825 F DEBUG   :       #18 pc 0000000003fa17e4  /data/app/~~Xrs6XBaopb7hKu6E-1Yy7Q==/com.aiyoku.eustia-qdasLJfkhvC0RaCx60Wzhw==/lib/arm64/libbevy_vn.so
06-04 19:46:56.119 31825 31825 F DEBUG   :       #19 pc 0000000003f66d50  /data/app/~~Xrs6XBaopb7hKu6E-1Yy7Q==/com.aiyoku.eustia-qdasLJfkhvC0RaCx60Wzhw==/lib/arm64/libbevy_vn.so
06-04 19:46:56.119 31825 31825 F DEBUG   :       #20 pc 0000000003f66bf0  /data/app/~~Xrs6XBaopb7hKu6E-1Yy7Q==/com.aiyoku.eustia-qdasLJfkhvC0RaCx60Wzhw==/lib/arm64/libbevy_vn.so
06-04 19:46:56.119 31825 31825 F DEBUG   :       #21 pc 0000000003f66a30  /data/app/~~Xrs6XBaopb7hKu6E-1Yy7Q==/com.aiyoku.eustia-qdasLJfkhvC0RaCx60Wzhw==/lib/arm64/libbevy_vn.so
06-04 19:46:56.119 31825 31825 F DEBUG   :       #22 pc 0000000003f66fb0  /data/app/~~Xrs6XBaopb7hKu6E-1Yy7Q==/com.aiyoku.eustia-qdasLJfkhvC0RaCx60Wzhw==/lib/arm64/libbevy_vn.so
06-04 19:46:56.119 31825 31825 F DEBUG   :       #23 pc 0000000003f6190c  /data/app/~~Xrs6XBaopb7hKu6E-1Yy7Q==/com.aiyoku.eustia-qdasLJfkhvC0RaCx60Wzhw==/lib/arm64/libbevy_vn.so
06-04 19:46:56.119 31825 31825 F DEBUG   :       #24 pc 0000000003f9faf0  /data/app/~~Xrs6XBaopb7hKu6E-1Yy7Q==/com.aiyoku.eustia-qdasLJfkhvC0RaCx60Wzhw==/lib/arm64/libbevy_vn.so
06-04 19:46:56.119 31825 31825 F DEBUG   :       #25 pc 0000000003f77434  /data/app/~~Xrs6XBaopb7hKu6E-1Yy7Q==/com.aiyoku.eustia-qdasLJfkhvC0RaCx60Wzhw==/lib/arm64/libbevy_vn.so
06-04 19:46:56.119 31825 31825 F DEBUG   :       #26 pc 0000000003f66d50  /data/app/~~Xrs6XBaopb7hKu6E-1Yy7Q==/com.aiyoku.eustia-qdasLJfkhvC0RaCx60Wzhw==/lib/arm64/libbevy_vn.so
06-04 19:46:56.119 31825 31825 F DEBUG   :       #27 pc 0000000003f66a50  /data/app/~~Xrs6XBaopb7hKu6E-1Yy7Q==/com.aiyoku.eustia-qdasLJfkhvC0RaCx60Wzhw==/lib/arm64/libbevy_vn.so
06-04 19:46:56.119 31825 31825 F DEBUG   :       #28 pc 0000000003f66798  /data/app/~~Xrs6XBaopb7hKu6E-1Yy7Q==/com.aiyoku.eustia-qdasLJfkhvC0RaCx60Wzhw==/lib/arm64/libbevy_vn.so
06-04 19:46:56.119 31825 31825 F DEBUG   :       #29 pc 00000000032526d8  /data/app/~~Xrs6XBaopb7hKu6E-1Yy7Q==/com.aiyoku.eustia-qdasLJfkhvC0RaCx60Wzhw==/lib/arm64/libbevy_vn.so
06-04 19:46:56.119 31825 31825 F DEBUG   :       #30 pc 0000000003256b98  /data/app/~~Xrs6XBaopb7hKu6E-1Yy7Q==/com.aiyoku.eustia-qdasLJfkhvC0RaCx60Wzhw==/lib/arm64/libbevy_vn.so
06-04 19:46:56.119 31825 31825 F DEBUG   :       #31 pc 0000000003265690  /data/app/~~Xrs6XBaopb7hKu6E-1Yy7Q==/com.aiyoku.eustia-qdasLJfkhvC0RaCx60Wzhw==/lib/arm64/libbevy_vn.so
06-04 19:46:56.119 31825 31825 F DEBUG   :       #32 pc 0000000003264b50  /data/app/~~Xrs6XBaopb7hKu6E-1Yy7Q==/com.aiyoku.eustia-qdasLJfkhvC0RaCx60Wzhw==/lib/arm64/libbevy_vn.so
06-04 19:46:56.119 31825 31825 F DEBUG   :       #33 pc 0000000003264c18  /data/app/~~Xrs6XBaopb7hKu6E-1Yy7Q==/com.aiyoku.eustia-qdasLJfkhvC0RaCx60Wzhw==/lib/arm64/libbevy_vn.so
06-04 19:46:56.119 31825 31825 F DEBUG   :       #34 pc 0000000003265ef8  /data/app/~~Xrs6XBaopb7hKu6E-1Yy7Q==/com.aiyoku.eustia-qdasLJfkhvC0RaCx60Wzhw==/lib/arm64/libbevy_vn.so
06-04 19:46:56.119 31825 31825 F DEBUG   :       #35 pc 00000000032615a8  /data/app/~~Xrs6XBaopb7hKu6E-1Yy7Q==/com.aiyoku.eustia-qdasLJfkhvC0RaCx60Wzhw==/lib/arm64/libbevy_vn.so
06-04 19:46:56.119 31825 31825 F DEBUG   :       #36 pc 0000000003f68944  /data/app/~~Xrs6XBaopb7hKu6E-1Yy7Q==/com.aiyoku.eustia-qdasLJfkhvC0RaCx60Wzhw==/lib/arm64/libbevy_vn.so
06-04 19:46:56.119 31825 31825 F DEBUG   :       #37 pc 0000000003f65ea4  /data/app/~~Xrs6XBaopb7hKu6E-1Yy7Q==/com.aiyoku.eustia-qdasLJfkhvC0RaCx60Wzhw==/lib/arm64/libbevy_vn.so
06-04 19:46:56.119 31825 31825 F DEBUG   :       #38 pc 00000000024006c4  /data/app/~~Xrs6XBaopb7hKu6E-1Yy7Q==/com.aiyoku.eustia-qdasLJfkhvC0RaCx60Wzhw==/lib/arm64/libbevy_vn.so (android_main+100)
06-04 19:46:56.119 31825 31825 F DEBUG   :       #39 pc 0000000003f369b8  /data/app/~~Xrs6XBaopb7hKu6E-1Yy7Q==/com.aiyoku.eustia-qdasLJfkhvC0RaCx60Wzhw==/lib/arm64/libbevy_vn.so
06-04 19:46:56.119 31825 31825 F DEBUG   :       #40 pc 0000000003f3a33c  /data/app/~~Xrs6XBaopb7hKu6E-1Yy7Q==/com.aiyoku.eustia-qdasLJfkhvC0RaCx60Wzhw==/lib/arm64/libbevy_vn.so
06-04 19:46:56.119 31825 31825 F DEBUG   :       #41 pc 0000000003f384d0  /data/app/~~Xrs6XBaopb7hKu6E-1Yy7Q==/com.aiyoku.eustia-qdasLJfkhvC0RaCx60Wzhw==/lib/arm64/libbevy_vn.so
06-04 19:46:56.119 31825 31825 F DEBUG   :       #42 pc 0000000003f3eda8  /data/app/~~Xrs6XBaopb7hKu6E-1Yy7Q==/com.aiyoku.eustia-qdasLJfkhvC0RaCx60Wzhw==/lib/arm64/libbevy_vn.so (_rust_glue_entry+88)
06-04 19:46:56.119 31825 31825 F DEBUG   :       #43 pc 0000000003f45354  /data/app/~~Xrs6XBaopb7hKu6E-1Yy7Q==/com.aiyoku.eustia-qdasLJfkhvC0RaCx60Wzhw==/lib/arm64/libbevy_vn.so
06-04 19:46:56.151  1707 31829 I PowerHalWrapper: <NotifyAppCrash> pack:com.aiyoku.eustia ,pid:com.aiyoku.eustia == myPid:1707 
06-04 19:46:56.153  1707 31829 W ActivityTaskManager:   Force finishing activity com.aiyoku.eustia/.MainActivity
06-04 19:46:56.158  1707 31829 W WindowManager: Changing focus from Window{f34bb72 u0 com.aiyoku.eustia/com.aiyoku.eustia.MainActivity} to null displayId=0 Callers=com.android.server.wm.RootWindowContainer.updateFocusedWindowLocked:551 com.android.server.wm.WindowManagerService.updateFocusedWindowLocked:6853 com.android.server.wm.ActivityTaskManagerService.setLastResumedActivityUncheckLocked:5551 com.android.server.wm.ActivityRecord.moveFocusableActivityToTop:4024 
06-04 19:46:56.162  1707 31829 D MiuiFreeFormGestureController: deliverResultForFinishActivity resultTo: null resultFrom: ActivityRecord{89ab83f u0 com.aiyoku.eustia/.MainActivity t77493 f}} isInVideoOrGameScene: false intent: Intent { act=android.intent.action.MAIN cat=[android.intent.category.LAUNCHER] flg=0x10200000 cmp=com.aiyoku.eustia/.MainActivity bnds=[811,1263][997,1449] (has extras) }
06-04 19:46:56.162  1707 31829 D WindowManager: Collecting in transition 13298: Task{dbdd50c #77493 type=standard A=10280:com.aiyoku.eustia} init visibleRequested:true
06-04 19:46:56.162  1707 31829 D WindowManager: Collecting in transition 13298: ActivityRecord{89ab83f u0 com.aiyoku.eustia/.MainActivity t77493 f}} init visibleRequested:true
06-04 19:46:56.163  1707 31829 I PowerHalWrapper: amsBoostNotify pid:25197,activity:com.aiyoku.eustia.MainActivity, package:com.aiyoku.eustia, mProcessCreatePackcom.aiyoku.eustia 
06-04 19:46:56.163  1707 31829 I mtkpower_client: [PowerHal_Wrap_notifyAppState] com.aiyoku.eustia/com.aiyoku.eustia.MainActivity pid=25197 state:0
06-04 19:46:56.163  1048  1048 I vendor.mediatek.hardware.mtkpower_applist-service.mediatek: packName: com.aiyoku.eustia actName: com.aiyoku.eustia.MainActivity pid: 25197 uid: 10280 state: 0
06-04 19:46:56.163  1048  1048 I MTK_APPList: [notifyAPPstate] com.aiyoku.eustia/com.aiyoku.eustia.MainActivity, pid=25197, uid=10280, state:PAUSED, fps:-1, win:1
06-04 19:46:56.172  1707  1863 I ActivityManager: Showing crash dialog for package com.aiyoku.eustia u0
06-04 19:46:56.181  1145  1145 D Layer   : Focus: com.aiyoku.eustia/com.aiyoku.eustia.MainActivity#202851 isHiddenByPolicy s.flags&layer_state_t::eLayerHidden=1
06-04 19:46:56.306  1707  2339 I ActivityManager: Process com.aiyoku.eustia (pid 25197) has died: fg  TOP 
06-04 19:46:56.306  1707  3777 I WindowManager: WIN DEATH: Window{f34bb72 u0 com.aiyoku.eustia/com.aiyoku.eustia.MainActivity}
06-04 19:46:56.306  1145  3297 D SurfaceFlinger: [SF client] REMOVE (0xb4000079847d7e00) for (25197:com.aiyoku.eustia)
06-04 19:46:56.306  1707  3777 W InputManager-JNI: Input channel object 'f34bb72 com.aiyoku.eustia/com.aiyoku.eustia.MainActivity (client)' was disposed without first being removed with the input manager!
06-04 19:46:56.306  1145  1314 D SurfaceFlinger: [SF client] REMOVE (0xb400007984868d80) for (25197:com.aiyoku.eustia)
06-04 19:46:56.306  1707  3777 D WindowManager: setParent old=ActivityRecord{89ab83f u0 com.aiyoku.eustia/.MainActivity t77493 f}},new=null,this window=Window{f34bb72 u0 com.aiyoku.eustia/com.aiyoku.eustia.MainActivity},callers=com.android.server.wm.WindowContainer.removeChild:831 com.android.server.wm.ActivityRecord.removeChild:5206 com.android.server.wm.ActivityRecord.removeChild:470 com.android.server.wm.WindowContainer.removeImmediately:889 com.android.server.wm.WindowState.removeImmediately:2491 com.android.server.wm.WindowState.removeIfPossible:2669 
06-04 19:46:56.311  1707  2339 I mtkpower_client: [PowerHal_Wrap_notifyAppState] com.aiyoku.eustia/com.aiyoku.eustia pid=25197 state:3
06-04 19:46:56.311  1048  1048 I vendor.mediatek.hardware.mtkpower_applist-service.mediatek: packName: com.aiyoku.eustia actName: com.aiyoku.eustia pid: 25197 uid: 10280 state: 3
06-04 19:46:56.311  1048  1048 I MTK_APPList: [notifyAPPstate] com.aiyoku.eustia/com.aiyoku.eustia, pid=25197, uid=10280, state:DEAD, fps:-1, win:0
06-04 19:46:56.311  1048  1048 I MTK_APPList: [notifyAPPstate] pack:com.aiyoku.eustia, pid:25197, STATE_DEAD
06-04 19:46:56.312  1707  2339 D WindowManager: Collecting in transition 13298: Task{dbdd50c #77493 type=standard A=10280:com.aiyoku.eustia} init visibleRequested:false
06-04 19:46:56.312  1707  2339 W InputManager-JNI: Input channel object 'Letterbox_left_ActivityRecord{89ab83f u0 com.aiyoku.eustia/.MainActivity t77493} (client)' was disposed without first being removed with the input manager!
06-04 19:46:56.312  1707  2339 W InputManager-JNI: Input channel object 'Letterbox_top_ActivityRecord{89ab83f u0 com.aiyoku.eustia/.MainActivity t77493} (client)' was disposed without first being removed with the input manager!
06-04 19:46:56.312  1707  2339 W InputManager-JNI: Input channel object 'Letterbox_right_ActivityRecord{89ab83f u0 com.aiyoku.eustia/.MainActivity t77493} (client)' was disposed without first being removed with the input manager!
06-04 19:46:56.312  1707  2339 W InputManager-JNI: Input channel object 'Letterbox_bottom_ActivityRecord{89ab83f u0 com.aiyoku.eustia/.MainActivity t77493} (client)' was disposed without first being removed with the input manager!
06-04 19:46:56.313  1707  2339 D WindowManager: Collecting in transition 13298: ActivityRecord{89ab83f u0 com.aiyoku.eustia/.MainActivity t77493 f}} init visibleRequested:false
06-04 19:46:56.313  1707  2339 D ATMSImpl: forceRemoveStartingWindow r = ActivityRecord{89ab83f u0 com.aiyoku.eustia/.MainActivity t77493 f}} r.getRootTask() = Task{dbdd50c #77493 type=standard A=10280:com.aiyoku.eustia} isTransientHide = false
06-04 19:46:56.335  1707  2532 I AudioGameEffect: foreground change to com.miui.home, last foreground is com.aiyoku.eustia
06-04 19:46:56.338  2617 30107 D AppObserver: ForegroundInfo{mForegroundPackageName='com.miui.home', mForegroundUid=10134, mForegroundPid=2617, mLastForegroundPackageName='com.aiyoku.eustia', mLastForegroundUid=10280, mLastForegroundPid=25197, mMultiWindowForegroundPackageName='com.miui.home', mMultiWindowForegroundUid=10134, mFlags=0}
06-04 19:46:56.340 27689 27728 D DockWindowManagerService: onActivityChanged: curName = ComponentInfo{com.miui.home/com.miui.home.launcher.Launcher}	preName = ComponentInfo{com.aiyoku.eustia/com.aiyoku.eustia.MainActivity}
06-04 19:46:56.340  8227  8460 I GST     : forePkg: com.miui.home, preForePkg: com.aiyoku.eustia
06-04 19:46:56.340  8227  8460 I SmartPhoneTag_GameBoosterModule: com.aiyoku.eustiais not be supported enhance
06-04 19:46:56.341  5347  5379 I ProcessMonitor: onForegroundInfoChanged: ForegroundInfo{mForegroundPackageName='com.miui.home', mForegroundUid=10134, mForegroundPid=2617, mLastForegroundPackageName='com.aiyoku.eustia', mLastForegroundUid=10280, mLastForegroundPid=25197, mMultiWindowForegroundPackageName='com.miui.home', mMultiWindowForegroundUid=10134, mFlags=0}
06-04 19:46:56.342  2960  3615 D NetworkMetricsController: mCurUid is 10134   mUidCache is {1000=com.trustonic.teeservice, 1001=com.android.providers.telephony, 6101=com.android.thememanager, 10086=com.google.android.documentsui, 10117=com.android.incallui, 10120=com.miui.cloudbackup, 10121=com.google.android.gsf, 10124=com.android.contacts, 10126=com.miui.packageinstaller, 10127=com.android.quicksearchbox, 10131=com.android.camera, 10133=com.android.mms, 10134=com.miui.home, 10148=com.miui.cloudservice, 10154=com.miui.securityadd, 10158=com.xiaomi.account, 10163=com.milink.service, 10177=com.miui.voiceassist, 10188=com.lbe.security.miui, 10207=com.android.providers.media.module, 10213=com.android.permissioncontroller, 10238=com.android.deskclock, 10239=com.miui.gallery, 10240=com.autonavi.minimap, 10242=com.minitech.miniworld, 10244=com.miui.notes, 10245=com.intsig.camscanner, 10247=com.eg.android.AlipayGphone, 10251=com.miui.weather2, 10252=com.android.bankabc, 10255=com.aiyoku.eustia, 10256=com.aiyoku.eustia, 10257=com.aiyoku.eustia, 10258=com.careerplanner.app, 10261=com.aiyoku.eustia, 10264=com.chaoxing.mobile, 10269=com.aiyoku.eustia, 10270=com.aiyoku.eustia, 10271=com.aiyoku.eustia, 10272=com.minitech.miniworld, 10275=com.careerplanner.app, 10276=com.careerplanner.app, 10278=com.taobao.taobao, 10280=com.aiyoku.eustia, 10281=com.aiyoku.eustib.opt, 10283=com.aiyoku.eustib.opt, 10287=com.aiyoku.eustib.opt, 10290=com.quark.browser, 10292=bin.mt.plus.canary, 10294=com.suda.yzune.wakeupschedule, 10295=com.aiyoku.eustib.an, 10298=com.aiyoku.eustib.test, 10300=com.pwrd.cloud.yh.laohu, 10303=com.minitech.miniworld, 10307=com.tencent.mm, 10313=idm.internet.download.manager.plus, 10314=com.tencent.mobileqq, 10320=com.ss.android.ugc.aweme, 10333=com.wn.app.np, 10339=com.zjwh.android_wh_physicalfitness, 10341=com.alibaba.android.rimet, 10347=com.mmbox.xbrowser, 10354=com.larus.nova, 10355=tv.danmaku.bili, 10363=cn.wps.moffice_eng, 10402=cn.com.langeasy.LangEasyLexis, 10436=com.sina.weibo, 10498=com.deepseek.chat, 10558=com.google.android.apps.books, 10581=com.microsoft.emmx, 10584=com.github.android, 10586=org.mozilla.firefox, 10590=game.taptap.morizero.milthm, 10599=jp.key.summerpockets.reflectionblue, 10608=com.luna.music, 10610=com.alibaba.aliyun, 10625=cn.co.cabbagesoft.bgi2renpy.amachoco3, 10632=com.hpbr.bosszhipin, 10648=com.jingdong.app.mall, 10658=io.github.xororz.localdream, 10663=com.hottagames.yh.laohu, 10684=com.merak, 10691=com.rarlab.rar, 10699=com.baitian.color.bilibili}
06-04 19:46:56.344 29379 29537 D BluetoothLatencyMode: ForegroundInfo{mForegroundPackageName='com.miui.home', mForegroundUid=10134, mForegroundPid=2617, mLastForegroundPackageName='com.aiyoku.eustia', mLastForegroundUid=10280, mLastForegroundPid=25197, mMultiWindowForegroundPackageName='com.miui.home', mMultiWindowForegroundUid=10134, mFlags=0}
06-04 19:46:56.344  5347  5379 I GameBoosterService: onForegroundInfoChanged: Cur=com.miui.home	 last=com.aiyoku.eustia
06-04 19:46:56.344  8209 12680 D PerfEngineController: ForegroundInfo{mForegroundPackageName='com.miui.home', mForegroundUid=10134, mForegroundPid=2617, mLastForegroundPackageName='com.aiyoku.eustia', mLastForegroundUid=10280, mLastForegroundPid=25197, mMultiWindowForegroundPackageName='com.miui.home', mMultiWindowForegroundUid=10134, mFlags=0}
06-04 19:46:56.344  5347  5379 D GameBoosterService: onGameStatusChange foreground:ForegroundInfo{mForegroundPackageName='com.miui.home', mForegroundUid=10134, mForegroundPid=2617, mLastForegroundPackageName='com.aiyoku.eustia', mLastForegroundUid=10280, mLastForegroundPid=25197, mMultiWindowForegroundPackageName='com.miui.home', mMultiWindowForegroundUid=10134, mFlags=0}
06-04 19:46:56.351  5347  5379 D GlobalDock-MonitorService: onForegroundInfoChanged: appUserId=0	myUserId=0	foregroundInfo = ForegroundInfo{mForegroundPackageName='com.miui.home', mForegroundUid=10134, mForegroundPid=2617, mLastForegroundPackageName='com.aiyoku.eustia', mLastForegroundUid=10280, mLastForegroundPid=25197, mMultiWindowForegroundPackageName='com.miui.home', mMultiWindowForegroundUid=10134, mFlags=0}
06-04 19:46:56.354  5347  5379 I BeautyService: onForegroundInfoChanged: Cur=com.miui.home	 last=com.aiyoku.eustia
06-04 19:46:56.368  1707  1866 D WindowManager: Final targets: [Task{a243ca7 #1 type=home}, Task{dbdd50c #77493 type=standard A=10280:com.aiyoku.eustia}, WallpaperWindowToken{941f37 token=android.os.BinderProxy@4e7436}, WallpaperWindowToken{c41334f token=android.os.Binder@ae73b0}]
06-04 19:46:56.379  1707  1866 D WindowManager: snapshot isNothing = false source = Task{dbdd50c #77493 type=standard A=10280:com.aiyoku.eustia}
06-04 19:46:56.380  1707  1866 D WindowManager: Calling onTransitionReady info={id=13298 t=CLOSE f=0x10 trk=0 r=[0@Point(0, 0)] c=[{WCT{RemoteToken{11f4828 Task{a243ca7 #1 type=home}}} m=TO_FRONT f=SHOW_WALLPAPER|MOVE_TO_TOP leash=Surface(name=Task=1#46)/@0x43dd7b2 sb=Rect(0, 0 - 2712, 1220) eb=Rect(0, 0 - 2712, 1220) d=0 endFixedRotation=0},{WCT{RemoteToken{e1f659c Task{dbdd50c #77493 type=standard A=10280:com.aiyoku.eustia}}} m=CLOSE f=NONE leash=Surface(name=Task=77493#202818)/@0xc1ba9e9 sb=Rect(0, 0 - 2712, 1220) eb=Rect(0, 0 - 2712, 1220) d=0},{null m=TO_FRONT f=IS_WALLPAPER leash=Surface(name=Surface(name=WallpaperWindowToken{941f37 token=android.os.BinderProxy@4e7436}#48)/@0xa31fa0d - rotation-leash#202868)/@0xceb55bd sb=Rect(0, 0 - 2712, 1220) eb=Rect(0, 0 - 1220, 2712) d=0 r=1->0:-1},{null m=TO_FRONT f=IS_WALLPAPER leash=Surface(name=Surface(name=WallpaperWindowToken{c41334f token=android.os.Binder@ae73b0}#85)/@0x507b56b - rotation-leash#202869)/@0x18147b2 sb=Rect(0, 0 - 2712, 1220) eb=Rect(0, 0 - 1220, 2712) d=0 r=1->0:-1}] noAni=[false] df=[false] mk=[false] oa=[false]}, mToken=Token{d8ff303 TransitionRecord{169c66d id=13298 type=CLOSE flags=0x10}}
06-04 19:46:56.381  1707  1759 V WindowManager:     info={id=13298 t=CLOSE f=0x10 trk=0 r=[0@Point(0, 0)] c=[{WCT{RemoteToken{11f4828 Task{a243ca7 #1 type=home}}} m=TO_FRONT f=SHOW_WALLPAPER|MOVE_TO_TOP leash=Surface(name=Task=1#46)/@0x43dd7b2 sb=Rect(0, 0 - 2712, 1220) eb=Rect(0, 0 - 2712, 1220) d=0 endFixedRotation=0},{WCT{RemoteToken{e1f659c Task{dbdd50c #77493 type=standard A=10280:com.aiyoku.eustia}}} m=CLOSE f=NONE leash=Surface(name=Task=77493#202818)/@0xc1ba9e9 sb=Rect(0, 0 - 2712, 1220) eb=Rect(0, 0 - 2712, 1220) d=0},{null m=TO_FRONT f=IS_WALLPAPER leash=Surface(name=Surface(name=WallpaperWindowToken{941f37 token=android.os.BinderProxy@4e7436}#48)/@0xa31fa0d - rotation-leash#202868)/@0xceb55bd sb=Rect(0, 0 - 2712, 1220) eb=Rect(0, 0 - 1220, 2712) d=0 r=1->0:-1},{null m=TO_FRONT f=IS_WALLPAPER leash=Surface(name=Surface(name=WallpaperWindowToken{c41334f token=android.os.Binder@ae73b0}#85)/@0x507b56b - rotation-leash#202869)/@0x18147b2 sb=Rect(0, 0 - 2712, 1220) eb=Rect(0, 0 - 1220, 2712) d=0 r=1->0:-1}] noAni=[false] df=[false] mk=[false] oa=[false]}
06-04 19:46:56.385  2617  2617 D WindowTransitionCompat: printLeash::taskInfo = TaskInfo{userId=0 taskId=77493 displayId=0 isRunning=false baseIntent=Intent { act=android.intent.action.MAIN cat=[android.intent.category.LAUNCHER] flg=0x10200000 cmp=com.aiyoku.eustia/.MainActivity } baseActivity=null topActivity=null origActivity=null realActivity=ComponentInfo{com.aiyoku.eustia/com.aiyoku.eustia.MainActivity} numActivities=0 lastActiveTime=804988689 supportsSplitScreenMultiWindow=true supportsMultiWindow=true resizeMode=1 isResizeable=true minWidth=-1 minHeight=-1 defaultMinSize=200 token=WCT{android.window.IWindowContainerToken$Stub$Proxy@3af0d97} topActivityType=1 pictureInPictureParams=null shouldDockBigOverlays=false launchIntoPipHostTaskId=-1 lastParentTaskIdBeforePip=-1 displayCutoutSafeInsets=Rect(118, 0 - 0, 0) topActivityInfo=null launchCookies=[] positionInParent=Point(0, 0) parentTaskId=-1 isFocused=false isVisible=true isVisibleRequested=false isSleeping=false topActivityInSizeCompat=false topActivityEligibleForLetterboxEducation= false topActivityLetterboxed= false isFromDoubleTap= false topActivityLetterboxVerticalPosition= -1 topActivityLetterboxHorizontalPosition= -1 topActivityLetterboxWidth=-1 topActivityLetterboxHeight=-1 locusId=null displayAreaFeatureId=1 cameraCompatControlState=hidden mIsCastMode=false mTopActivityMediaSize=null mTopActivityRecordName=null mTopActivityOrientation=-2 mTopActivityWindowIsNowVisible=false isTranslucent=true isEmbedded=false shouldBeVisible=false mBehindAppLockPkg=null mOriginatingUid=0}
06-04 19:46:56.397  2617  2617 I WindowAnimParamsProvider: getClosingWindowAnimParams closingTarget=RemoteAnimationTargetCompat{taskId=77493, mode=1, isTranslucent=false, clipRect=Rect(0, 0 - 0, 0), position=Point(0, 0), sourceContainerBounds=Rect(0, 0 - 2712, 1220), prefixOrderIndex=3, isNotInRecents=true, contentInsets=Rect(0, 0 - 0, 0), activityType=1, packageName=com.aiyoku.eustia, startBounds=Rect(0, 0 - 2712, 1220), windowType=-1}, closingTargets.homeTarget=RemoteAnimationTargetCompat{taskId=1, mode=0, isTranslucent=false, clipRect=Rect(0, 0 - 0, 0), position=Point(0, 0), sourceContainerBounds=Rect(0, 0 - 2712, 1220), prefixOrderIndex=4, isNotInRecents=false, contentInsets=Rect(0, 0 - 0, 0), activityType=2, packageName=com.miui.home, startBounds=Rect(0, 0 - 2712, 1220), windowType=-1}
06-04 19:46:56.398  2617  2617 I WindowAnimParamsProvider: getClosingWindowAnimParams target =RemoteAnimationTargetCompat{taskId=77493, mode=1, isTranslucent=false, clipRect=Rect(0, 0 - 0, 0), position=Point(0, 0), sourceContainerBounds=Rect(0, 0 - 2712, 1220), prefixOrderIndex=3, isNotInRecents=true, contentInsets=Rect(0, 0 - 0, 0), activityType=1, packageName=com.aiyoku.eustia, startBounds=Rect(0, 0 - 2712, 1220), windowType=-1}
06-04 19:46:56.399  2617  2617 I WindowAnimParamsProvider: getClosingWindowAnimParams getClosingShortcutIcon target= RemoteAnimationTargetCompat{taskId=77493, mode=1, isTranslucent=false, clipRect=Rect(0, 0 - 0, 0), position=Point(0, 0), sourceContainerBounds=Rect(0, 0 - 2712, 1220), prefixOrderIndex=3, isNotInRecents=true, contentInsets=Rect(0, 0 - 0, 0), activityType=1, packageName=com.aiyoku.eustia, startBounds=Rect(0, 0 - 2712, 1220), windowType=-1}
06-04 19:46:56.400  2617  2617 I WindowAnimParamsProvider: getClosingWindowAnimParams getClosingShortcutIcon task before=  [TaskKey{id=77493, stackId=0, baseIntent=Intent { act=android.intent.action.MAIN cat=[android.intent.category.LAUNCHER] flg=0x10200000 cmp=com.aiyoku.eustia/.MainActivity }, userId=0, lastActiveTime=804969818, windowingMode=1, isThumbnailBlur=false, isScreening=false, topActivity=ComponentInfo{com.aiyoku.eustia/com.aiyoku.eustia.MainActivity}, mHashCode=-1985449781}, title=Aiyoku no Eustia, titleDescription=Aiyoku no Eustia, bounds=null, isLaunchTarget=true, isStackTask=true, isSystemApp=false, isDockable=true, baseActivity=ComponentInfo{com.aiyoku.eustia/com.aiyoku.eustia.MainActivity}, isLocked=false, isAccessLocked=false, mNeedHide=false, hasMultipleTasks=false, cti1Key=, cti2Key=] 
06-04 19:46:56.400  2617  2617 I WindowAnimParamsProvider: getClosingWindowAnimParams getClosingShortcutIcon task after=  [TaskKey{id=77493, stackId=0, baseIntent=Intent { act=android.intent.action.MAIN cat=[android.intent.category.LAUNCHER] flg=0x10200000 cmp=com.aiyoku.eustia/.MainActivity }, userId=0, lastActiveTime=804969818, windowingMode=1, isThumbnailBlur=false, isScreening=false, topActivity=ComponentInfo{com.aiyoku.eustia/com.aiyoku.eustia.MainActivity}, mHashCode=-1985449781}, title=Aiyoku no Eustia, titleDescription=Aiyoku no Eustia, bounds=null, isLaunchTarget=true, isStackTask=true, isSystemApp=false, isDockable=true, baseActivity=ComponentInfo{com.aiyoku.eustia/com.aiyoku.eustia.MainActivity}, isLocked=false, isAccessLocked=false, mNeedHide=false, hasMultipleTasks=false, cti1Key=, cti2Key=] 
06-04 19:46:56.400  2617  2617 D WindowAnimParamsProvider: getClosingShortcutIcon:CloseShortcutIconUtils.getCloseShortcutIcon  cn=ComponentInfo{com.aiyoku.eustia/com.aiyoku.eustia.MainActivity}   userId=0
06-04 19:46:56.414  2617 28032 W PreviewDisappear: got icon for: com.aiyoku.eustia drawable: android.graphics.drawable.BitmapDrawable@d6bbcf8
06-04 19:46:56.419  1707  2678 D CoreBackPreview: Window{929690e u0 Splash Screen com.aiyoku.eustia}: Setting back callback null
06-04 19:46:56.422  1707  6050 W InputManager-JNI: Input channel object '929690e Splash Screen com.aiyoku.eustia (client)' was disposed without first being removed with the input manager!
06-04 19:46:56.422  1707  6050 D WindowManager: setParent old=ActivityRecord{89ab83f u0 com.aiyoku.eustia/.MainActivity t77493 f} isExiting},new=null,this window=Window{929690e u0 Splash Screen com.aiyoku.eustia},callers=com.android.server.wm.WindowContainer.removeChild:831 com.android.server.wm.ActivityRecord.removeChild:5206 com.android.server.wm.ActivityRecord.removeChild:470 com.android.server.wm.WindowContainer.removeImmediately:889 com.android.server.wm.WindowState.removeImmediately:2491 com.android.server.wm.WindowState.removeIfPossible:2669 
06-04 19:46:56.431  2617  2617 W PreviewDisappear: set icon for: com.aiyoku.eustia preview drawable: android.graphics.drawable.BitmapDrawable@d6bbcf8
06-04 19:46:56.446  1145  1145 I BufferQueueDebug: [Splash Screen com.aiyoku.eustia#202827](this:0xb4000079759d2a50,id:-1,api:0,p:-1,c:1145) onDestructor()
06-04 19:46:56.513  1132  1564 I APM_AudioPolicyManager: isSpecialScenarioGame ClientName com.aiyoku.eustia
06-04 19:46:56.514  1132  1561 D AudioSystem: +setParameters(): app_name=-com.aiyoku.eustia 
06-04 19:46:56.514  1016  9061 D AudioALSAHardwareCustom: setParameters: [DEBUG] setParameters misound AppName: -com.aiyoku.eustia
06-04 19:46:56.514  1016  9061 D AudioALSAStreamOutCustom: setParameters(): app_name -com.aiyoku.eustia
06-04 19:46:56.514  1016  9061 D AudioALSAStreamOutCustom: setParameters(): app_name -com.aiyoku.eustia
06-04 19:46:56.514  1016  9061 D AudioALSAStreamOutCustom: setParameters(): app_name -com.aiyoku.eustia
06-04 19:46:56.514  1016  9061 D AudioALSAStreamOutCustom: setParameters(): app_name -com.aiyoku.eustia
06-04 19:46:56.514  1016  9061 D AudioALSAStreamOutCustom: setParameters(): app_name -com.aiyoku.eustia
06-04 19:46:56.515  1016  9061 D AudioALSAStreamOutCustom: setParameters(): app_name -com.aiyoku.eustia
06-04 19:46:56.516  1016  9061 D r_submix: adev_set_parameters() kvpairs='app_name=-com.aiyoku.eustia'
06-04 19:46:56.657  1707  1865 W ActivityTaskManager: Activity top resumed state loss timeout for ActivityRecord{89ab83f u0 com.aiyoku.eustia/.MainActivity t77493 f} isExiting}
06-04 19:46:56.657  1707  1865 I PowerHalWrapper: amsBoostNotify pid:2617,activity:com.miui.home.launcher.Launcher, package:com.miui.home, mProcessCreatePackcom.aiyoku.eustia 
06-04 19:46:57.079  1145  1145 I BufferQueueDebug: [f34bb72 com.aiyoku.eustia/com.aiyoku.eustia.MainActivity#202850](this:0xb400007978cfda50,id:-1,api:0,p:-1,c:1145) onDestructor()
06-04 19:46:57.079  1145  1145 I BufferQueueDebug: [com.aiyoku.eustia/com.aiyoku.eustia.MainActivity#202851](this:0xb400007978d05a50,id:-1,api:0,p:-1,c:1145) onDestructor()
06-04 19:46:57.079  1145  1145 I BufferQueueDebug: [Bounds for - com.aiyoku.eustia/com.aiyoku.eustia.MainActivity#202853](this:0xb400007978bdda50,id:-1,api:0,p:-1,c:1145) onDestructor()
06-04 19:46:57.079  1145  1145 I BufferQueueDebug: [SurfaceView[com.aiyoku.eustia/com.aiyoku.eustia.MainActivity]#202854](this:0xb400007978bf0a50,id:-1,api:0,p:-1,c:1145) onDestructor()
06-04 19:46:57.079  1145  1145 I BufferQueueDebug: [SurfaceView[com.aiyoku.eustia/com.aiyoku.eustia.MainActivity](BLAST)#202855](this:0xb400007978bfba50,id:-1,api:0,p:-1,c:1145) onDestructor()
06-04 19:46:57.079  1145  1145 I BufferQueueDebug: [Background for SurfaceView[com.aiyoku.eustia/com.aiyoku.eustia.MainActivity]#202856](this:0xb400007978d31a50,id:-1,api:0,p:-1,c:1145) onDestructor()
06-04 19:46:57.094  1145  1145 I BufferQueueDebug: [929690e Splash Screen com.aiyoku.eustia#202826](this:0xb400007978c66a50,id:-1,api:0,p:-1,c:1145) onDestructor()
06-04 19:46:57.101  2617 31971 I TransitionCallback: clear leash = Surface(name=TL_Surface(name=Task=77493#202818)/@0x1023aec_transition-leash#202873)/@0x4cec33, key = ComponentInfo{com.aiyoku.eustia/com.aiyoku.eustia.MainActivity}
06-04 19:46:57.123  1707  3774 D WindowManager: setParent old=Task{dbdd50c #77493 type=standard A=10280:com.aiyoku.eustia},new=null,this window=ActivityRecord{89ab83f u0 com.aiyoku.eustia/.MainActivity t77493 f}},callers=com.android.server.wm.WindowContainer.removeChild:831 com.android.server.wm.TaskFragment.removeChild:3120 com.android.server.wm.Task.removeChild:1816 com.android.server.wm.Task.removeChild:1796 com.android.server.wm.WindowContainer.removeImmediately:889 com.android.server.wm.WindowToken.removeImmediately:376 
06-04 19:46:57.123  1707  3774 I ActivityTaskManager: Do not migrate a removing Task! Task{dbdd50c #77493 type=standard A=10280:com.aiyoku.eustia}
06-04 19:46:57.124  1707  3774 D WindowManager: setParent old=DefaultTaskDisplayArea@163325615,new=null,this window=Task{dbdd50c #77493 type=standard A=10280:com.aiyoku.eustia},callers=com.android.server.wm.WindowContainer.removeChild:831 com.android.server.wm.TaskDisplayArea.removeChildTask:359 com.android.server.wm.TaskDisplayArea.removeChild:350 com.android.server.wm.WindowContainer.removeImmediately:889 com.android.server.wm.TaskFragment.removeImmediately:3204 com.android.server.wm.Task.removeImmediately:3221 
06-04 19:46:57.143  2617  3359 E ActivityManagerWrapper: getRecentTasks: mainTaskId=77493   userId=0   windowMode=1   baseIntent=Intent { act=android.intent.action.MAIN flag=270532608 cmp=ComponentInfo{com.aiyoku.eustia/com.aiyoku.eustia.MainActivity} }
06-04 19:46:57.144  2617  3359 D WorldCirculate: getWorldCirculateInfo, taskInfo.baseIntent=Intent { act=android.intent.action.MAIN cat=[android.intent.category.LAUNCHER] flg=0x10200000 cmp=com.aiyoku.eustia/.MainActivity }, displayId=-1, but get Display failed
06-04 19:46:57.145  1145  1145 I BufferQueueDebug: [3287199 ActivityRecordInputSink com.aiyoku.eustia/.MainActivity#202830](this:0xb4000079723e6a50,id:-1,api:0,p:-1,c:1145) onDestructor()
06-04 19:46:57.148  1707  3267 I PowerHalWrapper: amsBoostNotify pid:8076,activity:com.miui.notes._182930839, package:com.miui.notes, mProcessCreatePackcom.aiyoku.eustia 
06-04 1